23:32:57 **** Incremental Build of configuration Debug for project Int_pulsador ****
make -j16 all 
arm-none-eabi-gcc "../Core/Src/main.c" -mcpu=cortex-m4 -std=gnu11 -g3 -DDEBUG -DUSE_HAL_DRIVER -DSTM32F407xx -c -I../Core/Inc -I../Drivers/STM32F4xx_HAL_Driver/Inc -I../Drivers/STM32F4xx_HAL_Driver/Inc/Legacy -I../Drivers/CMSIS/Device/ST/STM32F4xx/Include -I../Drivers/CMSIS/Include -O0 -ffunction-sections -fdata-sections -Wall -fstack-usage -MMD -MP -MF"Core/Src/main.d" -MT"Core/Src/main.o" --specs=nano.specs -mfpu=fpv4-sp-d16 -mfloat-abi=hard -mthumb -o "Core/Src/main.o"
arm-none-eabi-gcc "../Core/Src/stm32f4xx_it.c" -mcpu=cortex-m4 -std=gnu11 -g3 -DDEBUG -DUSE_HAL_DRIVER -DSTM32F407xx -c -I../Core/Inc -I../Drivers/STM32F4xx_HAL_Driver/Inc -I../Drivers/STM32F4xx_HAL_Driver/Inc/Legacy -I../Drivers/CMSIS/Device/ST/STM32F4xx/Include -I../Drivers/CMSIS/Include -O0 -ffunction-sections -fdata-sections -Wall -fstack-usage -MMD -MP -MF"Core/Src/stm32f4xx_it.d" -MT"Core/Src/stm32f4xx_it.o" --specs=nano.specs -mfpu=fpv4-sp-d16 -mfloat-abi=hard -mthumb -o "Core/Src/stm32f4xx_it.o"
arm-none-eabi-gcc -o "Int_pulsador.elf" @"objects.list"   -mcpu=cortex-m4 -T"D:\Proyectos Github curso\Curso_STM32_proyectos\Int_pulsador\STM32F407VGTX_FLASH.ld" --specs=nosys.specs -Wl,-Map="Int_pulsador.map" -Wl,--gc-sections -static --specs=nano.specs -mfpu=fpv4-sp-d16 -mfloat-abi=hard -mthumb -Wl,--start-group -lc -lm -Wl,--end-group
Finished building target: Int_pulsador.elf
 
arm-none-eabi-objdump -h -S  Int_pulsador.elf  > "Int_pulsador.list"
arm-none-eabi-objcopy  -O binary  Int_pulsador.elf  "Int_pulsador.bin"
arm-none-eabi-size   Int_pulsador.elf 
   text	   data	    bss	    dec	    hex	filename
   6644	     20	   1572	   8236	   202c	Int_pulsador.elf
Finished building: default.size.stdout
 
Finished building: Int_pulsador.bin
 
Finished building: Int_pulsador.list
 
