20:27:46 **** Incremental Build of configuration Debug for project Practica_GPIO ****
make -j4 all 
arm-none-eabi-gcc "../Core/Src/main.c" -mcpu=cortex-m4 -std=gnu11 -g3 -DDEBUG -DUSE_HAL_DRIVER -DSTM32F407xx -c -I../Core/Inc -I../Drivers/STM32F4xx_HAL_Driver/Inc -I../Drivers/STM32F4xx_HAL_Driver/Inc/Legacy -I../Drivers/CMSIS/Device/ST/STM32F4xx/Include -I../Drivers/CMSIS/Include -O0 -ffunction-sections -fdata-sections -Wall -fstack-usage -MMD -MP -MF"Core/Src/main.d" -MT"Core/Src/main.o" --specs=nano.specs -mfpu=fpv4-sp-d16 -mfloat-abi=hard -mthumb -o "Core/Src/main.o"
arm-none-eabi-gcc "../Core/Src/stm32f4xx_it.c" -mcpu=cortex-m4 -std=gnu11 -g3 -DDEBUG -DUSE_HAL_DRIVER -DSTM32F407xx -c -I../Core/Inc -I../Drivers/STM32F4xx_HAL_Driver/Inc -I../Drivers/STM32F4xx_HAL_Driver/Inc/Legacy -I../Drivers/CMSIS/Device/ST/STM32F4xx/Include -I../Drivers/CMSIS/Include -O0 -ffunction-sections -fdata-sections -Wall -fstack-usage -MMD -MP -MF"Core/Src/stm32f4xx_it.d" -MT"Core/Src/stm32f4xx_it.o" --specs=nano.specs -mfpu=fpv4-sp-d16 -mfloat-abi=hard -mthumb -o "Core/Src/stm32f4xx_it.o"
../Core/Src/main.c: In function 'print_leds':
../Core/Src/main.c:62:11: warning: unused variable 'aux' [-Wunused-variable]
   62 |  uint16_t aux =1;
      |           ^~~
arm-none-eabi-gcc -o "Practica_GPIO.elf" @"objects.list"   -mcpu=cortex-m4 -T"D:\Proyectos Github curso\Curso_STM32_proyectos\Practica_GPIO\STM32F407VGTX_FLASH.ld" --specs=nosys.specs -Wl,-Map="Practica_GPIO.map" -Wl,--gc-sections -static --specs=nano.specs -mfpu=fpv4-sp-d16 -mfloat-abi=hard -mthumb -Wl,--start-group -lc -lm -Wl,--end-group
Finished building target: Practica_GPIO.elf
 
arm-none-eabi-objdump -h -S  Practica_GPIO.elf  > "Practica_GPIO.list"
arm-none-eabi-objcopy  -O binary  Practica_GPIO.elf  "Practica_GPIO.bin"
arm-none-eabi-size   Practica_GPIO.elf 
   text	   data	    bss	    dec	    hex	filename
   7140	     20	   1572	   8732	   221c	Practica_GPIO.elf
Finished building: default.size.stdout
Finished building: Practica_GPIO.bin
 
 
Finished building: Practica_GPIO.list
 
20:27:59 **** Incremental Build of configuration Debug for project Practica_GPIO ****
make -j4 all 
arm-none-eabi-gcc "../Core/Src/main.c" -mcpu=cortex-m4 -std=gnu11 -g3 -DDEBUG -DUSE_HAL_DRIVER -DSTM32F407xx -c -I../Core/Inc -I../Drivers/STM32F4xx_HAL_Driver/Inc -I../Drivers/STM32F4xx_HAL_Driver/Inc/Legacy -I../Drivers/CMSIS/Device/ST/STM32F4xx/Include -I../Drivers/CMSIS/Include -O0 -ffunction-sections -fdata-sections -Wall -fstack-usage -MMD -MP -MF"Core/Src/main.d" -MT"Core/Src/main.o" --specs=nano.specs -mfpu=fpv4-sp-d16 -mfloat-abi=hard -mthumb -o "Core/Src/main.o"
arm-none-eabi-gcc -o "Practica_GPIO.elf" @"objects.list"   -mcpu=cortex-m4 -T"D:\Proyectos Github curso\Curso_STM32_proyectos\Practica_GPIO\STM32F407VGTX_FLASH.ld" --specs=nosys.specs -Wl,-Map="Practica_GPIO.map" -Wl,--gc-sections -static --specs=nano.specs -mfpu=fpv4-sp-d16 -mfloat-abi=hard -mthumb -Wl,--start-group -lc -lm -Wl,--end-group
Finished building target: Practica_GPIO.elf
 
arm-none-eabi-objdump -h -S  Practica_GPIO.elf  > "Practica_GPIO.list"
arm-none-eabi-objcopy  -O binary  Practica_GPIO.elf  "Practica_GPIO.bin"
arm-none-eabi-size   Practica_GPIO.elf 
   text	   data	    bss	    dec	    hex	filename
   7136	     20	   1572	   8728	   2218	Practica_GPIO.elf
Finished building: default.size.stdout
Finished building: Practica_GPIO.bin
Finished building: Practica_GPIO.list
 
 
 
20:29:10 **** Incremental Build of configuration Debug for project Practica_GPIO ****
make -j4 all 
arm-none-eabi-gcc "../Core/Src/main.c" -mcpu=cortex-m4 -std=gnu11 -g3 -DDEBUG -DUSE_HAL_DRIVER -DSTM32F407xx -c -I../Core/Inc -I../Drivers/STM32F4xx_HAL_Driver/Inc -I../Drivers/STM32F4xx_HAL_Driver/Inc/Legacy -I../Drivers/CMSIS/Device/ST/STM32F4xx/Include -I../Drivers/CMSIS/Include -O0 -ffunction-sections -fdata-sections -Wall -fstack-usage -MMD -MP -MF"Core/Src/main.d" -MT"Core/Src/main.o" --specs=nano.specs -mfpu=fpv4-sp-d16 -mfloat-abi=hard -mthumb -o "Core/Src/main.o"
arm-none-eabi-gcc -o "Practica_GPIO.elf" @"objects.list"   -mcpu=cortex-m4 -T"D:\Proyectos Github curso\Curso_STM32_proyectos\Practica_GPIO\STM32F407VGTX_FLASH.ld" --specs=nosys.specs -Wl,-Map="Practica_GPIO.map" -Wl,--gc-sections -static --specs=nano.specs -mfpu=fpv4-sp-d16 -mfloat-abi=hard -mthumb -Wl,--start-group -lc -lm -Wl,--end-group
Finished building target: Practica_GPIO.elf
 
arm-none-eabi-objdump -h -S  Practica_GPIO.elf  > "Practica_GPIO.list"
arm-none-eabi-objcopy  -O binary  Practica_GPIO.elf  "Practica_GPIO.bin"
arm-none-eabi-size   Practica_GPIO.elf 
   text	   data	    bss	    dec	    hex	filename
   7056	     20	   1572	   8648	   21c8	Practica_GPIO.elf
Finished building: default.size.stdout
Finished building: Practica_GPIO.bin
 
 
Finished building: Practica_GPIO.list
 
20:29:35 **** Incremental Build of configuration Debug for project Practica_GPIO ****
make -j4 all 
arm-none-eabi-gcc "../Core/Src/main.c" -mcpu=cortex-m4 -std=gnu11 -g3 -DDEBUG -DUSE_HAL_DRIVER -DSTM32F407xx -c -I../Core/Inc -I../Drivers/STM32F4xx_HAL_Driver/Inc -I../Drivers/STM32F4xx_HAL_Driver/Inc/Legacy -I../Drivers/CMSIS/Device/ST/STM32F4xx/Include -I../Drivers/CMSIS/Include -O0 -ffunction-sections -fdata-sections -Wall -fstack-usage -MMD -MP -MF"Core/Src/main.d" -MT"Core/Src/main.o" --specs=nano.specs -mfpu=fpv4-sp-d16 -mfloat-abi=hard -mthumb -o "Core/Src/main.o"
arm-none-eabi-gcc -o "Practica_GPIO.elf" @"objects.list"   -mcpu=cortex-m4 -T"D:\Proyectos Github curso\Curso_STM32_proyectos\Practica_GPIO\STM32F407VGTX_FLASH.ld" --specs=nosys.specs -Wl,-Map="Practica_GPIO.map" -Wl,--gc-sections -static --specs=nano.specs -mfpu=fpv4-sp-d16 -mfloat-abi=hard -mthumb -Wl,--start-group -lc -lm -Wl,--end-group
Finished building target: Practica_GPIO.elf
 
arm-none-eabi-objdump -h -S  Practica_GPIO.elf  > "Practica_GPIO.list"
arm-none-eabi-objcopy  -O binary  Practica_GPIO.elf  "Practica_GPIO.bin"
arm-none-eabi-size   Practica_GPIO.elf 
   text	   data	    bss	    dec	    hex	filename
   7136	     20	   1572	   8728	   2218	Practica_GPIO.elf
Finished building: default.size.stdout
 
Finished building: Practica_GPIO.list
Finished building: Practica_GPIO.bin
 
 
20:32:12 **** Incremental Build of configuration Debug for project Practica_GPIO ****
make -j4 all 
arm-none-eabi-gcc "../Core/Src/main.c" -mcpu=cortex-m4 -std=gnu11 -g3 -DDEBUG -DUSE_HAL_DRIVER -DSTM32F407xx -c -I../Core/Inc -I../Drivers/STM32F4xx_HAL_Driver/Inc -I../Drivers/STM32F4xx_HAL_Driver/Inc/Legacy -I../Drivers/CMSIS/Device/ST/STM32F4xx/Include -I../Drivers/CMSIS/Include -O0 -ffunction-sections -fdata-sections -Wall -fstack-usage -MMD -MP -MF"Core/Src/main.d" -MT"Core/Src/main.o" --specs=nano.specs -mfpu=fpv4-sp-d16 -mfloat-abi=hard -mthumb -o "Core/Src/main.o"
arm-none-eabi-gcc -o "Practica_GPIO.elf" @"objects.list"   -mcpu=cortex-m4 -T"D:\Proyectos Github curso\Curso_STM32_proyectos\Practica_GPIO\STM32F407VGTX_FLASH.ld" --specs=nosys.specs -Wl,-Map="Practica_GPIO.map" -Wl,--gc-sections -static --specs=nano.specs -mfpu=fpv4-sp-d16 -mfloat-abi=hard -mthumb -Wl,--start-group -lc -lm -Wl,--end-group
Finished building target: Practica_GPIO.elf
 
arm-none-eabi-objdump -h -S  Practica_GPIO.elf  > "Practica_GPIO.list"
arm-none-eabi-objcopy  -O binary  Practica_GPIO.elf  "Practica_GPIO.bin"
arm-none-eabi-size   Practica_GPIO.elf 
   text	   data	    bss	    dec	    hex	filename
   7140	     20	   1572	   8732	   221c	Practica_GPIO.elf
Finished building: default.size.stdout
Finished building: Practica_GPIO.bin
 
Finished building: Practica_GPIO.list
 
 
20:36:12 **** Incremental Build of configuration Debug for project Practica_GPIO ****
make -j4 all 
arm-none-eabi-gcc "../Core/Src/main.c" -mcpu=cortex-m4 -std=gnu11 -g3 -DDEBUG -DUSE_HAL_DRIVER -DSTM32F407xx -c -I../Core/Inc -I../Drivers/STM32F4xx_HAL_Driver/Inc -I../Drivers/STM32F4xx_HAL_Driver/Inc/Legacy -I../Drivers/CMSIS/Device/ST/STM32F4xx/Include -I../Drivers/CMSIS/Include -O0 -ffunction-sections -fdata-sections -Wall -fstack-usage -MMD -MP -MF"Core/Src/main.d" -MT"Core/Src/main.o" --specs=nano.specs -mfpu=fpv4-sp-d16 -mfloat-abi=hard -mthumb -o "Core/Src/main.o"
arm-none-eabi-gcc -o "Practica_GPIO.elf" @"objects.list"   -mcpu=cortex-m4 -T"D:\Proyectos Github curso\Curso_STM32_proyectos\Practica_GPIO\STM32F407VGTX_FLASH.ld" --specs=nosys.specs -Wl,-Map="Practica_GPIO.map" -Wl,--gc-sections -static --specs=nano.specs -mfpu=fpv4-sp-d16 -mfloat-abi=hard -mthumb -Wl,--start-group -lc -lm -Wl,--end-group
Finished building target: Practica_GPIO.elf
 
arm-none-eabi-objdump -h -S  Practica_GPIO.elf  > "Practica_GPIO.list"
arm-none-eabi-objcopy  -O binary  Practica_GPIO.elf  "Practica_GPIO.bin"
arm-none-eabi-size   Practica_GPIO.elf 
   text	   data	    bss	    dec	    hex	filename
   7132	     20	   1572	   8724	   2214	Practica_GPIO.elf
Finished building: default.size.stdout
 
Finished building: Practica_GPIO.bin
 
Finished building: Practica_GPIO.list
 
20:36:56 **** Incremental Build of configuration Debug for project Practica_GPIO ****
make -j4 all 
arm-none-eabi-gcc "../Core/Src/main.c" -mcpu=cortex-m4 -std=gnu11 -g3 -DDEBUG -DUSE_HAL_DRIVER -DSTM32F407xx -c -I../Core/Inc -I../Drivers/STM32F4xx_HAL_Driver/Inc -I../Drivers/STM32F4xx_HAL_Driver/Inc/Legacy -I../Drivers/CMSIS/Device/ST/STM32F4xx/Include -I../Drivers/CMSIS/Include -O0 -ffunction-sections -fdata-sections -Wall -fstack-usage -MMD -MP -MF"Core/Src/main.d" -MT"Core/Src/main.o" --specs=nano.specs -mfpu=fpv4-sp-d16 -mfloat-abi=hard -mthumb -o "Core/Src/main.o"
arm-none-eabi-gcc -o "Practica_GPIO.elf" @"objects.list"   -mcpu=cortex-m4 -T"D:\Proyectos Github curso\Curso_STM32_proyectos\Practica_GPIO\STM32F407VGTX_FLASH.ld" --specs=nosys.specs -Wl,-Map="Practica_GPIO.map" -Wl,--gc-sections -static --specs=nano.specs -mfpu=fpv4-sp-d16 -mfloat-abi=hard -mthumb -Wl,--start-group -lc -lm -Wl,--end-group
Finished building target: Practica_GPIO.elf
 
arm-none-eabi-objdump -h -S  Practica_GPIO.elf  > "Practica_GPIO.list"
arm-none-eabi-objcopy  -O binary  Practica_GPIO.elf  "Practica_GPIO.bin"
arm-none-eabi-size   Practica_GPIO.elf 
   text	   data	    bss	    dec	    hex	filename
   7140	     20	   1572	   8732	   221c	Practica_GPIO.elf
Finished building: default.size.stdout
Finished building: Practica_GPIO.bin
 
 
Finished building: Practica_GPIO.list
 
10:00:36 **** Incremental Build of configuration Debug for project Practica_GPIO ****
make -j4 all 
arm-none-eabi-gcc "../Core/Src/main.c" -mcpu=cortex-m4 -std=gnu11 -g3 -DDEBUG -DUSE_HAL_DRIVER -DSTM32F407xx -c -I../Core/Inc -I../Drivers/STM32F4xx_HAL_Driver/Inc -I../Drivers/STM32F4xx_HAL_Driver/Inc/Legacy -I../Drivers/CMSIS/Device/ST/STM32F4xx/Include -I../Drivers/CMSIS/Include -O0 -ffunction-sections -fdata-sections -Wall -fstack-usage -MMD -MP -MF"Core/Src/main.d" -MT"Core/Src/main.o" --specs=nano.specs -mfpu=fpv4-sp-d16 -mfloat-abi=hard -mthumb -o "Core/Src/main.o"
arm-none-eabi-gcc -o "Practica_GPIO.elf" @"objects.list"   -mcpu=cortex-m4 -T"D:\Proyectos Github curso\Curso_STM32_proyectos\Practica_GPIO\STM32F407VGTX_FLASH.ld" --specs=nosys.specs -Wl,-Map="Practica_GPIO.map" -Wl,--gc-sections -static --specs=nano.specs -mfpu=fpv4-sp-d16 -mfloat-abi=hard -mthumb -Wl,--start-group -lc -lm -Wl,--end-group
Finished building target: Practica_GPIO.elf
 
arm-none-eabi-objdump -h -S  Practica_GPIO.elf  > "Practica_GPIO.list"
arm-none-eabi-objcopy  -O binary  Practica_GPIO.elf  "Practica_GPIO.bin"
arm-none-eabi-size   Practica_GPIO.elf 
   text	   data	    bss	    dec	    hex	filename
   7140	     20	   1572	   8732	   221c	Practica_GPIO.elf
Finished building: default.size.stdout
Finished building: Practica_GPIO.bin
Finished building: Practica_GPIO.list
 
 
 
10:01:50 **** Incremental Build of configuration Debug for project Practica_GPIO ****
make -j4 all 
arm-none-eabi-gcc "../Core/Src/main.c" -mcpu=cortex-m4 -std=gnu11 -g3 -DDEBUG -DUSE_HAL_DRIVER -DSTM32F407xx -c -I../Core/Inc -I../Drivers/STM32F4xx_HAL_Driver/Inc -I../Drivers/STM32F4xx_HAL_Driver/Inc/Legacy -I../Drivers/CMSIS/Device/ST/STM32F4xx/Include -I../Drivers/CMSIS/Include -O0 -ffunction-sections -fdata-sections -Wall -fstack-usage -MMD -MP -MF"Core/Src/main.d" -MT"Core/Src/main.o" --specs=nano.specs -mfpu=fpv4-sp-d16 -mfloat-abi=hard -mthumb -o "Core/Src/main.o"
arm-none-eabi-gcc -o "Practica_GPIO.elf" @"objects.list"   -mcpu=cortex-m4 -T"D:\Proyectos Github curso\Curso_STM32_proyectos\Practica_GPIO\STM32F407VGTX_FLASH.ld" --specs=nosys.specs -Wl,-Map="Practica_GPIO.map" -Wl,--gc-sections -static --specs=nano.specs -mfpu=fpv4-sp-d16 -mfloat-abi=hard -mthumb -Wl,--start-group -lc -lm -Wl,--end-group
Finished building target: Practica_GPIO.elf
 
arm-none-eabi-objdump -h -S  Practica_GPIO.elf  > "Practica_GPIO.list"
arm-none-eabi-objcopy  -O binary  Practica_GPIO.elf  "Practica_GPIO.bin"
arm-none-eabi-size   Practica_GPIO.elf 
   text	   data	    bss	    dec	    hex	filename
   7148	     20	   1572	   8740	   2224	Practica_GPIO.elf
Finished building: default.size.stdout
 
Finished building: Practica_GPIO.bin
Finished building: Practica_GPIO.list
 
 
10:02:06 **** Incremental Build of configuration Debug for project Practica_GPIO ****
make -j4 all 
arm-none-eabi-gcc "../Core/Src/main.c" -mcpu=cortex-m4 -std=gnu11 -g3 -DDEBUG -DUSE_HAL_DRIVER -DSTM32F407xx -c -I../Core/Inc -I../Drivers/STM32F4xx_HAL_Driver/Inc -I../Drivers/STM32F4xx_HAL_Driver/Inc/Legacy -I../Drivers/CMSIS/Device/ST/STM32F4xx/Include -I../Drivers/CMSIS/Include -O0 -ffunction-sections -fdata-sections -Wall -fstack-usage -MMD -MP -MF"Core/Src/main.d" -MT"Core/Src/main.o" --specs=nano.specs -mfpu=fpv4-sp-d16 -mfloat-abi=hard -mthumb -o "Core/Src/main.o"
arm-none-eabi-gcc -o "Practica_GPIO.elf" @"objects.list"   -mcpu=cortex-m4 -T"D:\Proyectos Github curso\Curso_STM32_proyectos\Practica_GPIO\STM32F407VGTX_FLASH.ld" --specs=nosys.specs -Wl,-Map="Practica_GPIO.map" -Wl,--gc-sections -static --specs=nano.specs -mfpu=fpv4-sp-d16 -mfloat-abi=hard -mthumb -Wl,--start-group -lc -lm -Wl,--end-group
Finished building target: Practica_GPIO.elf
 
arm-none-eabi-objdump -h -S  Practica_GPIO.elf  > "Practica_GPIO.list"
arm-none-eabi-objcopy  -O binary  Practica_GPIO.elf  "Practica_GPIO.bin"
arm-none-eabi-size   Practica_GPIO.elf 
   text	   data	    bss	    dec	    hex	filename
   7148	     20	   1572	   8740	   2224	Practica_GPIO.elf
Finished building: default.size.stdout
Finished building: Practica_GPIO.bin
 
 
Finished building: Practica_GPIO.list
 
10:03:07 **** Incremental Build of configuration Debug for project Practica_GPIO ****
make -j4 all 
arm-none-eabi-gcc "../Core/Src/main.c" -mcpu=cortex-m4 -std=gnu11 -g3 -DDEBUG -DUSE_HAL_DRIVER -DSTM32F407xx -c -I../Core/Inc -I../Drivers/STM32F4xx_HAL_Driver/Inc -I../Drivers/STM32F4xx_HAL_Driver/Inc/Legacy -I../Drivers/CMSIS/Device/ST/STM32F4xx/Include -I../Drivers/CMSIS/Include -O0 -ffunction-sections -fdata-sections -Wall -fstack-usage -MMD -MP -MF"Core/Src/main.d" -MT"Core/Src/main.o" --specs=nano.specs -mfpu=fpv4-sp-d16 -mfloat-abi=hard -mthumb -o "Core/Src/main.o"
arm-none-eabi-gcc -o "Practica_GPIO.elf" @"objects.list"   -mcpu=cortex-m4 -T"D:\Proyectos Github curso\Curso_STM32_proyectos\Practica_GPIO\STM32F407VGTX_FLASH.ld" --specs=nosys.specs -Wl,-Map="Practica_GPIO.map" -Wl,--gc-sections -static --specs=nano.specs -mfpu=fpv4-sp-d16 -mfloat-abi=hard -mthumb -Wl,--start-group -lc -lm -Wl,--end-group
Finished building target: Practica_GPIO.elf
 
arm-none-eabi-objdump -h -S  Practica_GPIO.elf  > "Practica_GPIO.list"
arm-none-eabi-objcopy  -O binary  Practica_GPIO.elf  "Practica_GPIO.bin"
arm-none-eabi-size   Practica_GPIO.elf 
   text	   data	    bss	    dec	    hex	filename
   7148	     20	   1572	   8740	   2224	Practica_GPIO.elf
Finished building: default.size.stdout
Finished building: Practica_GPIO.bin
 
Finished building: Practica_GPIO.list
 
 
10:09:09 **** Incremental Build of configuration Debug for project Practica_GPIO ****
make -j4 all 
arm-none-eabi-gcc "../Core/Src/main.c" -mcpu=cortex-m4 -std=gnu11 -g3 -DDEBUG -DUSE_HAL_DRIVER -DSTM32F407xx -c -I../Core/Inc -I../Drivers/STM32F4xx_HAL_Driver/Inc -I../Drivers/STM32F4xx_HAL_Driver/Inc/Legacy -I../Drivers/CMSIS/Device/ST/STM32F4xx/Include -I../Drivers/CMSIS/Include -O0 -ffunction-sections -fdata-sections -Wall -fstack-usage -MMD -MP -MF"Core/Src/main.d" -MT"Core/Src/main.o" --specs=nano.specs -mfpu=fpv4-sp-d16 -mfloat-abi=hard -mthumb -o "Core/Src/main.o"
arm-none-eabi-gcc -o "Practica_GPIO.elf" @"objects.list"   -mcpu=cortex-m4 -T"D:\Proyectos Github curso\Curso_STM32_proyectos\Practica_GPIO\STM32F407VGTX_FLASH.ld" --specs=nosys.specs -Wl,-Map="Practica_GPIO.map" -Wl,--gc-sections -static --specs=nano.specs -mfpu=fpv4-sp-d16 -mfloat-abi=hard -mthumb -Wl,--start-group -lc -lm -Wl,--end-group
Finished building target: Practica_GPIO.elf
 
arm-none-eabi-objdump -h -S  Practica_GPIO.elf  > "Practica_GPIO.list"
arm-none-eabi-objcopy  -O binary  Practica_GPIO.elf  "Practica_GPIO.bin"
arm-none-eabi-size   Practica_GPIO.elf 
   text	   data	    bss	    dec	    hex	filename
   7148	     20	   1572	   8740	   2224	Practica_GPIO.elf
Finished building: default.size.stdout
Finished building: Practica_GPIO.bin
Finished building: Practica_GPIO.list
 
 
 
10:09:31 **** Incremental Build of configuration Debug for project Practica_GPIO ****
make -j4 all 
arm-none-eabi-gcc "../Core/Src/main.c" -mcpu=cortex-m4 -std=gnu11 -g3 -DDEBUG -DUSE_HAL_DRIVER -DSTM32F407xx -c -I../Core/Inc -I../Drivers/STM32F4xx_HAL_Driver/Inc -I../Drivers/STM32F4xx_HAL_Driver/Inc/Legacy -I../Drivers/CMSIS/Device/ST/STM32F4xx/Include -I../Drivers/CMSIS/Include -O0 -ffunction-sections -fdata-sections -Wall -fstack-usage -MMD -MP -MF"Core/Src/main.d" -MT"Core/Src/main.o" --specs=nano.specs -mfpu=fpv4-sp-d16 -mfloat-abi=hard -mthumb -o "Core/Src/main.o"
arm-none-eabi-gcc -o "Practica_GPIO.elf" @"objects.list"   -mcpu=cortex-m4 -T"D:\Proyectos Github curso\Curso_STM32_proyectos\Practica_GPIO\STM32F407VGTX_FLASH.ld" --specs=nosys.specs -Wl,-Map="Practica_GPIO.map" -Wl,--gc-sections -static --specs=nano.specs -mfpu=fpv4-sp-d16 -mfloat-abi=hard -mthumb -Wl,--start-group -lc -lm -Wl,--end-group
Finished building target: Practica_GPIO.elf
 
arm-none-eabi-objdump -h -S  Practica_GPIO.elf  > "Practica_GPIO.list"
arm-none-eabi-objcopy  -O binary  Practica_GPIO.elf  "Practica_GPIO.bin"
arm-none-eabi-size   Practica_GPIO.elf 
   text	   data	    bss	    dec	    hex	filename
   7148	     20	   1572	   8740	   2224	Practica_GPIO.elf
Finished building: default.size.stdout
Finished building: Practica_GPIO.bin
 
 
Finished building: Practica_GPIO.list
 
10:10:40 **** Incremental Build of configuration Debug for project Practica_GPIO ****
make -j4 all 
arm-none-eabi-gcc "../Core/Src/main.c" -mcpu=cortex-m4 -std=gnu11 -g3 -DDEBUG -DUSE_HAL_DRIVER -DSTM32F407xx -c -I../Core/Inc -I../Drivers/STM32F4xx_HAL_Driver/Inc -I../Drivers/STM32F4xx_HAL_Driver/Inc/Legacy -I../Drivers/CMSIS/Device/ST/STM32F4xx/Include -I../Drivers/CMSIS/Include -O0 -ffunction-sections -fdata-sections -Wall -fstack-usage -MMD -MP -MF"Core/Src/main.d" -MT"Core/Src/main.o" --specs=nano.specs -mfpu=fpv4-sp-d16 -mfloat-abi=hard -mthumb -o "Core/Src/main.o"
arm-none-eabi-gcc -o "Practica_GPIO.elf" @"objects.list"   -mcpu=cortex-m4 -T"D:\Proyectos Github curso\Curso_STM32_proyectos\Practica_GPIO\STM32F407VGTX_FLASH.ld" --specs=nosys.specs -Wl,-Map="Practica_GPIO.map" -Wl,--gc-sections -static --specs=nano.specs -mfpu=fpv4-sp-d16 -mfloat-abi=hard -mthumb -Wl,--start-group -lc -lm -Wl,--end-group
Finished building target: Practica_GPIO.elf
 
arm-none-eabi-objdump -h -S  Practica_GPIO.elf  > "Practica_GPIO.list"
arm-none-eabi-objcopy  -O binary  Practica_GPIO.elf  "Practica_GPIO.bin"
arm-none-eabi-size   Practica_GPIO.elf 
   text	   data	    bss	    dec	    hex	filename
   7148	     20	   1572	   8740	   2224	Practica_GPIO.elf
Finished building: default.size.stdout
Finished building: Practica_GPIO.bin
 
 
Finished building: Practica_GPIO.list
 
11:00:12 **** Incremental Build of configuration Debug for project Practica_GPIO ****
make -j4 all 
arm-none-eabi-gcc "../Core/Src/main.c" -mcpu=cortex-m4 -std=gnu11 -g3 -DDEBUG -DUSE_HAL_DRIVER -DSTM32F407xx -c -I../Core/Inc -I../Drivers/STM32F4xx_HAL_Driver/Inc -I../Drivers/STM32F4xx_HAL_Driver/Inc/Legacy -I../Drivers/CMSIS/Device/ST/STM32F4xx/Include -I../Drivers/CMSIS/Include -O0 -ffunction-sections -fdata-sections -Wall -fstack-usage -MMD -MP -MF"Core/Src/main.d" -MT"Core/Src/main.o" --specs=nano.specs -mfpu=fpv4-sp-d16 -mfloat-abi=hard -mthumb -o "Core/Src/main.o"
arm-none-eabi-gcc -o "Practica_GPIO.elf" @"objects.list"   -mcpu=cortex-m4 -T"D:\Proyectos Github curso\Curso_STM32_proyectos\Practica_GPIO\STM32F407VGTX_FLASH.ld" --specs=nosys.specs -Wl,-Map="Practica_GPIO.map" -Wl,--gc-sections -static --specs=nano.specs -mfpu=fpv4-sp-d16 -mfloat-abi=hard -mthumb -Wl,--start-group -lc -lm -Wl,--end-group
Finished building target: Practica_GPIO.elf
 
arm-none-eabi-objdump -h -S  Practica_GPIO.elf  > "Practica_GPIO.list"
arm-none-eabi-objcopy  -O binary  Practica_GPIO.elf  "Practica_GPIO.bin"
arm-none-eabi-size   Practica_GPIO.elf 
   text	   data	    bss	    dec	    hex	filename
   7148	     20	   1572	   8740	   2224	Practica_GPIO.elf
Finished building: default.size.stdout
Finished building: Practica_GPIO.bin
 
 
Finished building: Practica_GPIO.list
 
12:12:53 **** Incremental Build of configuration Debug for project Practica_GPIO ****
make -j4 all 
arm-none-eabi-gcc "../Core/Src/main.c" -mcpu=cortex-m4 -std=gnu11 -g3 -DDEBUG -DUSE_HAL_DRIVER -DSTM32F407xx -c -I../Core/Inc -I../Drivers/STM32F4xx_HAL_Driver/Inc -I../Drivers/STM32F4xx_HAL_Driver/Inc/Legacy -I../Drivers/CMSIS/Device/ST/STM32F4xx/Include -I../Drivers/CMSIS/Include -O0 -ffunction-sections -fdata-sections -Wall -fstack-usage -MMD -MP -MF"Core/Src/main.d" -MT"Core/Src/main.o" --specs=nano.specs -mfpu=fpv4-sp-d16 -mfloat-abi=hard -mthumb -o "Core/Src/main.o"
arm-none-eabi-gcc -o "Practica_GPIO.elf" @"objects.list"   -mcpu=cortex-m4 -T"D:\Proyectos Github curso\Curso_STM32_proyectos\Practica_GPIO\STM32F407VGTX_FLASH.ld" --specs=nosys.specs -Wl,-Map="Practica_GPIO.map" -Wl,--gc-sections -static --specs=nano.specs -mfpu=fpv4-sp-d16 -mfloat-abi=hard -mthumb -Wl,--start-group -lc -lm -Wl,--end-group
Finished building target: Practica_GPIO.elf
 
arm-none-eabi-objdump -h -S  Practica_GPIO.elf  > "Practica_GPIO.list"
arm-none-eabi-objcopy  -O binary  Practica_GPIO.elf  "Practica_GPIO.bin"
arm-none-eabi-size   Practica_GPIO.elf 
   text	   data	    bss	    dec	    hex	filename
   7148	     20	   1572	   8740	   2224	Practica_GPIO.elf
Finished building: default.size.stdout
 
Finished building: Practica_GPIO.bin
 
Finished building: Practica_GPIO.list
 
12:13:14 **** Incremental Build of configuration Debug for project Practica_GPIO ****
make -j4 all 
arm-none-eabi-gcc "../Core/Src/main.c" -mcpu=cortex-m4 -std=gnu11 -g3 -DDEBUG -DUSE_HAL_DRIVER -DSTM32F407xx -c -I../Core/Inc -I../Drivers/STM32F4xx_HAL_Driver/Inc -I../Drivers/STM32F4xx_HAL_Driver/Inc/Legacy -I../Drivers/CMSIS/Device/ST/STM32F4xx/Include -I../Drivers/CMSIS/Include -O0 -ffunction-sections -fdata-sections -Wall -fstack-usage -MMD -MP -MF"Core/Src/main.d" -MT"Core/Src/main.o" --specs=nano.specs -mfpu=fpv4-sp-d16 -mfloat-abi=hard -mthumb -o "Core/Src/main.o"
arm-none-eabi-gcc -o "Practica_GPIO.elf" @"objects.list"   -mcpu=cortex-m4 -T"D:\Proyectos Github curso\Curso_STM32_proyectos\Practica_GPIO\STM32F407VGTX_FLASH.ld" --specs=nosys.specs -Wl,-Map="Practica_GPIO.map" -Wl,--gc-sections -static --specs=nano.specs -mfpu=fpv4-sp-d16 -mfloat-abi=hard -mthumb -Wl,--start-group -lc -lm -Wl,--end-group
Finished building target: Practica_GPIO.elf
 
arm-none-eabi-objdump -h -S  Practica_GPIO.elf  > "Practica_GPIO.list"
arm-none-eabi-objcopy  -O binary  Practica_GPIO.elf  "Practica_GPIO.bin"
arm-none-eabi-size   Practica_GPIO.elf 
   text	   data	    bss	    dec	    hex	filename
   7148	     20	   1572	   8740	   2224	Practica_GPIO.elf
Finished building: default.size.stdout
Finished building: Practica_GPIO.list
Finished building: Practica_GPIO.bin
 
 
 
12:16:17 **** Incremental Build of configuration Debug for project Practica_GPIO ****
make -j4 all 
arm-none-eabi-gcc "../Core/Src/main.c" -mcpu=cortex-m4 -std=gnu11 -g3 -DDEBUG -DUSE_HAL_DRIVER -DSTM32F407xx -c -I../Core/Inc -I../Drivers/STM32F4xx_HAL_Driver/Inc -I../Drivers/STM32F4xx_HAL_Driver/Inc/Legacy -I../Drivers/CMSIS/Device/ST/STM32F4xx/Include -I../Drivers/CMSIS/Include -O0 -ffunction-sections -fdata-sections -Wall -fstack-usage -MMD -MP -MF"Core/Src/main.d" -MT"Core/Src/main.o" --specs=nano.specs -mfpu=fpv4-sp-d16 -mfloat-abi=hard -mthumb -o "Core/Src/main.o"
arm-none-eabi-gcc -o "Practica_GPIO.elf" @"objects.list"   -mcpu=cortex-m4 -T"D:\Proyectos Github curso\Curso_STM32_proyectos\Practica_GPIO\STM32F407VGTX_FLASH.ld" --specs=nosys.specs -Wl,-Map="Practica_GPIO.map" -Wl,--gc-sections -static --specs=nano.specs -mfpu=fpv4-sp-d16 -mfloat-abi=hard -mthumb -Wl,--start-group -lc -lm -Wl,--end-group
Finished building target: Practica_GPIO.elf
 
arm-none-eabi-objdump -h -S  Practica_GPIO.elf  > "Practica_GPIO.list"
arm-none-eabi-objcopy  -O binary  Practica_GPIO.elf  "Practica_GPIO.bin"
arm-none-eabi-size   Practica_GPIO.elf 
   text	   data	    bss	    dec	    hex	filename
   7148	     20	   1572	   8740	   2224	Practica_GPIO.elf
Finished building: default.size.stdout
Finished building: Practica_GPIO.bin
 
Finished building: Practica_GPIO.list
 
 
